---
source: src/snapshot_middleware/project.rs
expression: instance_snapshot
---
snapshot_id: ~
metadata:
  ignore_unknown_instances: true
  contributing_paths:
    - /foo/hello.project.json
  project_node: ~
name: direct-project
class_name: Model
properties: {}
children: []
