---
source: tests/tests/serve.rs
expression: redactions.redacted_yaml(info)

---
expectedPlaceIds: ~
projectName: empty
protocolVersion: 4
rootInstanceId: id-2
serverVersion: "[server-version]"
sessionId: id-1

