---
source: tests/tests/serve.rs
expression: redactions.redacted_yaml(info)
---
expectedPlaceIds: ~
projectName: move_folder_of_stuff
protocolVersion: 3
rootInstanceId: id-2
serverVersion: "[server-version]"
sessionId: id-1
