---
source: rojo-test/src/serve_test.rs
expression: info
---
sessionId: "[session id]"
serverVersion: 0.5.0
protocolVersion: 3
expectedPlaceIds: ~
rootInstanceId: "[root id]"
